  Determinando los proyectos que se van a restaurar...
  Todos los proyectos están actualizados para la restauración.
  LaPrimitiva.Domain -> F:\Repositorios\LaPrimitiva\LaPrimitiva.Domain\bin\Debug\net10.0\LaPrimitiva.Domain.dll
  LaPrimitiva.Infrastructure -> F:\Repositorios\LaPrimitiva\LaPrimitiva.Infrastructure\bin\Debug\net10.0\LaPrimitiva.Infrastructure.dll
  LaPrimitiva.Application -> F:\Repositorios\LaPrimitiva\LaPrimitiva.Application\bin\Debug\net10.0\LaPrimitiva.Application.dll
C:\Program Files\dotnet\sdk\10.0.102\Microsoft.Common.CurrentVersion.targets(5080,5): warning MSB3026: No se pudo copiar "F:\Repositorios\LaPrimitiva\LaPrimitiva.Application\bin\Debug\net10.0\LaPrimitiva.Application.dll" en "bin\Debug\net10.0\LaPrimitiva.Application.dll". Se iniciará el reintento 1 dentro de 1000ms. The process cannot access the file 'F:\Repositorios\LaPrimitiva\LaPrimitiva.App\bin\Debug\net10.0\LaPrimitiva.Application.dll' because it is being used by another process. El archivo se ha bloqueado por: "LaPrimitiva.App (42504)" [F:\Repositorios\LaPrimitiva\LaPrimitiva.App\LaPrimitiva.App.csproj]
C:\Program Files\dotnet\sdk\10.0.102\Microsoft.Common.CurrentVersion.targets(5080,5): warning MSB3026: No se pudo copiar "F:\Repositorios\LaPrimitiva\LaPrimitiva.Infrastructure\bin\Debug\net10.0\LaPrimitiva.Infrastructure.dll" en "bin\Debug\net10.0\LaPrimitiva.Infrastructure.dll". Se iniciará el reintento 1 dentro de 1000ms. The process cannot access the file 'F:\Repositorios\LaPrimitiva\LaPrimitiva.App\bin\Debug\net10.0\LaPrimitiva.Infrastructure.dll' because it is being used by another process. El archivo se ha bloqueado por: "LaPrimitiva.App (42504)" [F:\Repositorios\LaPrimitiva\LaPrimitiva.App\LaPrimitiva.App.csproj]
C:\Program Files\dotnet\sdk\10.0.102\Microsoft.Common.CurrentVersion.targets(5080,5): warning MSB3026: No se pudo copiar "F:\Repositorios\LaPrimitiva\LaPrimitiva.Domain\bin\Debug\net10.0\es\LaPrimitiva.Domain.resources.dll" en "bin\Debug\net10.0\es\LaPrimitiva.Domain.resources.dll". Se iniciará el reintento 1 dentro de 1000ms. The process cannot access the file 'F:\Repositorios\LaPrimitiva\LaPrimitiva.App\bin\Debug\net10.0\es\LaPrimitiva.Domain.resources.dll' because it is being used by another process. El archivo se ha bloqueado por: "LaPrimitiva.App (42504)" [F:\Repositorios\LaPrimitiva\LaPrimitiva.App\LaPrimitiva.App.csproj]
C:\Program Files\dotnet\sdk\10.0.102\Microsoft.Common.CurrentVersion.targets(5080,5): warning MSB3026: No se pudo copiar "F:\Repositorios\LaPrimitiva\LaPrimitiva.Domain\bin\Debug\net10.0\LaPrimitiva.Domain.dll" en "bin\Debug\net10.0\LaPrimitiva.Domain.dll". Se iniciará el reintento 1 dentro de 1000ms. The process cannot access the file 'F:\Repositorios\LaPrimitiva\LaPrimitiva.App\bin\Debug\net10.0\LaPrimitiva.Domain.dll' because it is being used by another process. El archivo se ha bloqueado por: "LaPrimitiva.App (42504)" [F:\Repositorios\LaPrimitiva\LaPrimitiva.App\LaPrimitiva.App.csproj]
C:\Program Files\dotnet\sdk\10.0.102\Microsoft.Common.CurrentVersion.targets(5080,5): warning MSB3026: No se pudo copiar "F:\Repositorios\LaPrimitiva\LaPrimitiva.Application\bin\Debug\net10.0\LaPrimitiva.Application.dll" en "bin\Debug\net10.0\LaPrimitiva.Application.dll". Se iniciará el reintento 2 dentro de 1000ms. The process cannot access the file 'F:\Repositorios\LaPrimitiva\LaPrimitiva.App\bin\Debug\net10.0\LaPrimitiva.Application.dll' because it is being used by another process. El archivo se ha bloqueado por: "LaPrimitiva.App (42504)" [F:\Repositorios\LaPrimitiva\LaPrimitiva.App\LaPrimitiva.App.csproj]
C:\Program Files\dotnet\sdk\10.0.102\Microsoft.Common.CurrentVersion.targets(5080,5): warning MSB3026: No se pudo copiar "F:\Repositorios\LaPrimitiva\LaPrimitiva.Infrastructure\bin\Debug\net10.0\LaPrimitiva.Infrastructure.dll" en "bin\Debug\net10.0\LaPrimitiva.Infrastructure.dll". Se iniciará el reintento 2 dentro de 1000ms. The process cannot access the file 'F:\Repositorios\LaPrimitiva\LaPrimitiva.App\bin\Debug\net10.0\LaPrimitiva.Infrastructure.dll' because it is being used by another process. El archivo se ha bloqueado por: "LaPrimitiva.App (42504)" [F:\Repositorios\LaPrimitiva\LaPrimitiva.App\LaPrimitiva.App.csproj]
C:\Program Files\dotnet\sdk\10.0.102\Microsoft.Common.CurrentVersion.targets(5080,5): warning MSB3026: No se pudo copiar "F:\Repositorios\LaPrimitiva\LaPrimitiva.Domain\bin\Debug\net10.0\es\LaPrimitiva.Domain.resources.dll" en "bin\Debug\net10.0\es\LaPrimitiva.Domain.resources.dll". Se iniciará el reintento 2 dentro de 1000ms. The process cannot access the file 'F:\Repositorios\LaPrimitiva\LaPrimitiva.App\bin\Debug\net10.0\es\LaPrimitiva.Domain.resources.dll' because it is being used by another process. El archivo se ha bloqueado por: "LaPrimitiva.App (42504)" [F:\Repositorios\LaPrimitiva\LaPrimitiva.App\LaPrimitiva.App.csproj]
C:\Program Files\dotnet\sdk\10.0.102\Microsoft.Common.CurrentVersion.targets(5080,5): warning MSB3026: No se pudo copiar "F:\Repositorios\LaPrimitiva\LaPrimitiva.Domain\bin\Debug\net10.0\LaPrimitiva.Domain.dll" en "bin\Debug\net10.0\LaPrimitiva.Domain.dll". Se iniciará el reintento 2 dentro de 1000ms. The process cannot access the file 'F:\Repositorios\LaPrimitiva\LaPrimitiva.App\bin\Debug\net10.0\LaPrimitiva.Domain.dll' because it is being used by another process. El archivo se ha bloqueado por: "LaPrimitiva.App (42504)" [F:\Repositorios\LaPrimitiva\LaPrimitiva.App\LaPrimitiva.App.csproj]
C:\Program Files\dotnet\sdk\10.0.102\Microsoft.Common.CurrentVersion.targets(5080,5): warning MSB3026: No se pudo copiar "F:\Repositorios\LaPrimitiva\LaPrimitiva.Application\bin\Debug\net10.0\LaPrimitiva.Application.dll" en "bin\Debug\net10.0\LaPrimitiva.Application.dll". Se iniciará el reintento 3 dentro de 1000ms. The process cannot access the file 'F:\Repositorios\LaPrimitiva\LaPrimitiva.App\bin\Debug\net10.0\LaPrimitiva.Application.dll' because it is being used by another process. El archivo se ha bloqueado por: "LaPrimitiva.App (42504)" [F:\Repositorios\LaPrimitiva\LaPrimitiva.App\LaPrimitiva.App.csproj]
C:\Program Files\dotnet\sdk\10.0.102\Microsoft.Common.CurrentVersion.targets(5080,5): warning MSB3026: No se pudo copiar "F:\Repositorios\LaPrimitiva\LaPrimitiva.Infrastructure\bin\Debug\net10.0\LaPrimitiva.Infrastructure.dll" en "bin\Debug\net10.0\LaPrimitiva.Infrastructure.dll". Se iniciará el reintento 3 dentro de 1000ms. The process cannot access the file 'F:\Repositorios\LaPrimitiva\LaPrimitiva.App\bin\Debug\net10.0\LaPrimitiva.Infrastructure.dll' because it is being used by another process. El archivo se ha bloqueado por: "LaPrimitiva.App (42504)" [F:\Repositorios\LaPrimitiva\LaPrimitiva.App\LaPrimitiva.App.csproj]
C:\Program Files\dotnet\sdk\10.0.102\Microsoft.Common.CurrentVersion.targets(5080,5): warning MSB3026: No se pudo copiar "F:\Repositorios\LaPrimitiva\LaPrimitiva.Domain\bin\Debug\net10.0\LaPrimitiva.Domain.dll" en "bin\Debug\net10.0\LaPrimitiva.Domain.dll". Se iniciará el reintento 3 dentro de 1000ms. The process cannot access the file 'F:\Repositorios\LaPrimitiva\LaPrimitiva.App\bin\Debug\net10.0\LaPrimitiva.Domain.dll' because it is being used by another process. El archivo se ha bloqueado por: "LaPrimitiva.App (42504)" [F:\Repositorios\LaPrimitiva\LaPrimitiva.App\LaPrimitiva.App.csproj]
C:\Program Files\dotnet\sdk\10.0.102\Microsoft.Common.CurrentVersion.targets(5080,5): warning MSB3026: No se pudo copiar "F:\Repositorios\LaPrimitiva\LaPrimitiva.Domain\bin\Debug\net10.0\es\LaPrimitiva.Domain.resources.dll" en "bin\Debug\net10.0\es\LaPrimitiva.Domain.resources.dll". Se iniciará el reintento 3 dentro de 1000ms. The process cannot access the file 'F:\Repositorios\LaPrimitiva\LaPrimitiva.App\bin\Debug\net10.0\es\LaPrimitiva.Domain.resources.dll' because it is being used by another process. El archivo se ha bloqueado por: "LaPrimitiva.App (42504)" [F:\Repositorios\LaPrimitiva\LaPrimitiva.App\LaPrimitiva.App.csproj]
C:\Program Files\dotnet\sdk\10.0.102\Microsoft.Common.CurrentVersion.targets(5080,5): warning MSB3026: No se pudo copiar "F:\Repositorios\LaPrimitiva\LaPrimitiva.Infrastructure\bin\Debug\net10.0\LaPrimitiva.Infrastructure.dll" en "bin\Debug\net10.0\LaPrimitiva.Infrastructure.dll". Se iniciará el reintento 4 dentro de 1000ms. The process cannot access the file 'F:\Repositorios\LaPrimitiva\LaPrimitiva.App\bin\Debug\net10.0\LaPrimitiva.Infrastructure.dll' because it is being used by another process. El archivo se ha bloqueado por: "LaPrimitiva.App (42504)" [F:\Repositorios\LaPrimitiva\LaPrimitiva.App\LaPrimitiva.App.csproj]
C:\Program Files\dotnet\sdk\10.0.102\Microsoft.Common.CurrentVersion.targets(5080,5): warning MSB3026: No se pudo copiar "F:\Repositorios\LaPrimitiva\LaPrimitiva.Application\bin\Debug\net10.0\LaPrimitiva.Application.dll" en "bin\Debug\net10.0\LaPrimitiva.Application.dll". Se iniciará el reintento 4 dentro de 1000ms. The process cannot access the file 'F:\Repositorios\LaPrimitiva\LaPrimitiva.App\bin\Debug\net10.0\LaPrimitiva.Application.dll' because it is being used by another process. El archivo se ha bloqueado por: "LaPrimitiva.App (42504)" [F:\Repositorios\LaPrimitiva\LaPrimitiva.App\LaPrimitiva.App.csproj]
C:\Program Files\dotnet\sdk\10.0.102\Microsoft.Common.CurrentVersion.targets(5080,5): warning MSB3026: No se pudo copiar "F:\Repositorios\LaPrimitiva\LaPrimitiva.Domain\bin\Debug\net10.0\LaPrimitiva.Domain.dll" en "bin\Debug\net10.0\LaPrimitiva.Domain.dll". Se iniciará el reintento 4 dentro de 1000ms. The process cannot access the file 'F:\Repositorios\LaPrimitiva\LaPrimitiva.App\bin\Debug\net10.0\LaPrimitiva.Domain.dll' because it is being used by another process. El archivo se ha bloqueado por: "LaPrimitiva.App (42504)" [F:\Repositorios\LaPrimitiva\LaPrimitiva.App\LaPrimitiva.App.csproj]
C:\Program Files\dotnet\sdk\10.0.102\Microsoft.Common.CurrentVersion.targets(5080,5): warning MSB3026: No se pudo copiar "F:\Repositorios\LaPrimitiva\LaPrimitiva.Domain\bin\Debug\net10.0\es\LaPrimitiva.Domain.resources.dll" en "bin\Debug\net10.0\es\LaPrimitiva.Domain.resources.dll". Se iniciará el reintento 4 dentro de 1000ms. The process cannot access the file 'F:\Repositorios\LaPrimitiva\LaPrimitiva.App\bin\Debug\net10.0\es\LaPrimitiva.Domain.resources.dll' because it is being used by another process. El archivo se ha bloqueado por: "LaPrimitiva.App (42504)" [F:\Repositorios\LaPrimitiva\LaPrimitiva.App\LaPrimitiva.App.csproj]
C:\Program Files\dotnet\sdk\10.0.102\Microsoft.Common.CurrentVersion.targets(5080,5): warning MSB3026: No se pudo copiar "F:\Repositorios\LaPrimitiva\LaPrimitiva.Infrastructure\bin\Debug\net10.0\LaPrimitiva.Infrastructure.dll" en "bin\Debug\net10.0\LaPrimitiva.Infrastructure.dll". Se iniciará el reintento 5 dentro de 1000ms. The process cannot access the file 'F:\Repositorios\LaPrimitiva\LaPrimitiva.App\bin\Debug\net10.0\LaPrimitiva.Infrastructure.dll' because it is being used by another process. El archivo se ha bloqueado por: "LaPrimitiva.App (42504)" [F:\Repositorios\LaPrimitiva\LaPrimitiva.App\LaPrimitiva.App.csproj]
C:\Program Files\dotnet\sdk\10.0.102\Microsoft.Common.CurrentVersion.targets(5080,5): warning MSB3026: No se pudo copiar "F:\Repositorios\LaPrimitiva\LaPrimitiva.Application\bin\Debug\net10.0\LaPrimitiva.Application.dll" en "bin\Debug\net10.0\LaPrimitiva.Application.dll". Se iniciará el reintento 5 dentro de 1000ms. The process cannot access the file 'F:\Repositorios\LaPrimitiva\LaPrimitiva.App\bin\Debug\net10.0\LaPrimitiva.Application.dll' because it is being used by another process. El archivo se ha bloqueado por: "LaPrimitiva.App (42504)" [F:\Repositorios\LaPrimitiva\LaPrimitiva.App\LaPrimitiva.App.csproj]
C:\Program Files\dotnet\sdk\10.0.102\Microsoft.Common.CurrentVersion.targets(5080,5): warning MSB3026: No se pudo copiar "F:\Repositorios\LaPrimitiva\LaPrimitiva.Domain\bin\Debug\net10.0\LaPrimitiva.Domain.dll" en "bin\Debug\net10.0\LaPrimitiva.Domain.dll". Se iniciará el reintento 5 dentro de 1000ms. The process cannot access the file 'F:\Repositorios\LaPrimitiva\LaPrimitiva.App\bin\Debug\net10.0\LaPrimitiva.Domain.dll' because it is being used by another process. El archivo se ha bloqueado por: "LaPrimitiva.App (42504)" [F:\Repositorios\LaPrimitiva\LaPrimitiva.App\LaPrimitiva.App.csproj]
C:\Program Files\dotnet\sdk\10.0.102\Microsoft.Common.CurrentVersion.targets(5080,5): warning MSB3026: No se pudo copiar "F:\Repositorios\LaPrimitiva\LaPrimitiva.Domain\bin\Debug\net10.0\es\LaPrimitiva.Domain.resources.dll" en "bin\Debug\net10.0\es\LaPrimitiva.Domain.resources.dll". Se iniciará el reintento 5 dentro de 1000ms. The process cannot access the file 'F:\Repositorios\LaPrimitiva\LaPrimitiva.App\bin\Debug\net10.0\es\LaPrimitiva.Domain.resources.dll' because it is being used by another process. El archivo se ha bloqueado por: "LaPrimitiva.App (42504)" [F:\Repositorios\LaPrimitiva\LaPrimitiva.App\LaPrimitiva.App.csproj]
C:\Program Files\dotnet\sdk\10.0.102\Microsoft.Common.CurrentVersion.targets(5080,5): warning MSB3026: No se pudo copiar "F:\Repositorios\LaPrimitiva\LaPrimitiva.Application\bin\Debug\net10.0\LaPrimitiva.Application.dll" en "bin\Debug\net10.0\LaPrimitiva.Application.dll". Se iniciará el reintento 6 dentro de 1000ms. The process cannot access the file 'F:\Repositorios\LaPrimitiva\LaPrimitiva.App\bin\Debug\net10.0\LaPrimitiva.Application.dll' because it is being used by another process. El archivo se ha bloqueado por: "LaPrimitiva.App (42504)" [F:\Repositorios\LaPrimitiva\LaPrimitiva.App\LaPrimitiva.App.csproj]
C:\Program Files\dotnet\sdk\10.0.102\Microsoft.Common.CurrentVersion.targets(5080,5): warning MSB3026: No se pudo copiar "F:\Repositorios\LaPrimitiva\LaPrimitiva.Infrastructure\bin\Debug\net10.0\LaPrimitiva.Infrastructure.dll" en "bin\Debug\net10.0\LaPrimitiva.Infrastructure.dll". Se iniciará el reintento 6 dentro de 1000ms. The process cannot access the file 'F:\Repositorios\LaPrimitiva\LaPrimitiva.App\bin\Debug\net10.0\LaPrimitiva.Infrastructure.dll' because it is being used by another process. El archivo se ha bloqueado por: "LaPrimitiva.App (42504)" [F:\Repositorios\LaPrimitiva\LaPrimitiva.App\LaPrimitiva.App.csproj]
C:\Program Files\dotnet\sdk\10.0.102\Microsoft.Common.CurrentVersion.targets(5080,5): warning MSB3026: No se pudo copiar "F:\Repositorios\LaPrimitiva\LaPrimitiva.Domain\bin\Debug\net10.0\LaPrimitiva.Domain.dll" en "bin\Debug\net10.0\LaPrimitiva.Domain.dll". Se iniciará el reintento 6 dentro de 1000ms. The process cannot access the file 'F:\Repositorios\LaPrimitiva\LaPrimitiva.App\bin\Debug\net10.0\LaPrimitiva.Domain.dll' because it is being used by another process. El archivo se ha bloqueado por: "LaPrimitiva.App (42504)" [F:\Repositorios\LaPrimitiva\LaPrimitiva.App\LaPrimitiva.App.csproj]
C:\Program Files\dotnet\sdk\10.0.102\Microsoft.Common.CurrentVersion.targets(5080,5): warning MSB3026: No se pudo copiar "F:\Repositorios\LaPrimitiva\LaPrimitiva.Domain\bin\Debug\net10.0\es\LaPrimitiva.Domain.resources.dll" en "bin\Debug\net10.0\es\LaPrimitiva.Domain.resources.dll". Se iniciará el reintento 6 dentro de 1000ms. The process cannot access the file 'F:\Repositorios\LaPrimitiva\LaPrimitiva.App\bin\Debug\net10.0\es\LaPrimitiva.Domain.resources.dll' because it is being used by another process. El archivo se ha bloqueado por: "LaPrimitiva.App (42504)" [F:\Repositorios\LaPrimitiva\LaPrimitiva.App\LaPrimitiva.App.csproj]
C:\Program Files\dotnet\sdk\10.0.102\Microsoft.Common.CurrentVersion.targets(5080,5): warning MSB3026: No se pudo copiar "F:\Repositorios\LaPrimitiva\LaPrimitiva.Application\bin\Debug\net10.0\LaPrimitiva.Application.dll" en "bin\Debug\net10.0\LaPrimitiva.Application.dll". Se iniciará el reintento 7 dentro de 1000ms. The process cannot access the file 'F:\Repositorios\LaPrimitiva\LaPrimitiva.App\bin\Debug\net10.0\LaPrimitiva.Application.dll' because it is being used by another process. El archivo se ha bloqueado por: "LaPrimitiva.App (42504)" [F:\Repositorios\LaPrimitiva\LaPrimitiva.App\LaPrimitiva.App.csproj]
C:\Program Files\dotnet\sdk\10.0.102\Microsoft.Common.CurrentVersion.targets(5080,5): warning MSB3026: No se pudo copiar "F:\Repositorios\LaPrimitiva\LaPrimitiva.Domain\bin\Debug\net10.0\LaPrimitiva.Domain.dll" en "bin\Debug\net10.0\LaPrimitiva.Domain.dll". Se iniciará el reintento 7 dentro de 1000ms. The process cannot access the file 'F:\Repositorios\LaPrimitiva\LaPrimitiva.App\bin\Debug\net10.0\LaPrimitiva.Domain.dll' because it is being used by another process. El archivo se ha bloqueado por: "LaPrimitiva.App (42504)" [F:\Repositorios\LaPrimitiva\LaPrimitiva.App\LaPrimitiva.App.csproj]
C:\Program Files\dotnet\sdk\10.0.102\Microsoft.Common.CurrentVersion.targets(5080,5): warning MSB3026: No se pudo copiar "F:\Repositorios\LaPrimitiva\LaPrimitiva.Domain\bin\Debug\net10.0\es\LaPrimitiva.Domain.resources.dll" en "bin\Debug\net10.0\es\LaPrimitiva.Domain.resources.dll". Se iniciará el reintento 7 dentro de 1000ms. The process cannot access the file 'F:\Repositorios\LaPrimitiva\LaPrimitiva.App\bin\Debug\net10.0\es\LaPrimitiva.Domain.resources.dll' because it is being used by another process. El archivo se ha bloqueado por: "LaPrimitiva.App (42504)" [F:\Repositorios\LaPrimitiva\LaPrimitiva.App\LaPrimitiva.App.csproj]
C:\Program Files\dotnet\sdk\10.0.102\Microsoft.Common.CurrentVersion.targets(5080,5): warning MSB3026: No se pudo copiar "F:\Repositorios\LaPrimitiva\LaPrimitiva.Infrastructure\bin\Debug\net10.0\LaPrimitiva.Infrastructure.dll" en "bin\Debug\net10.0\LaPrimitiva.Infrastructure.dll". Se iniciará el reintento 7 dentro de 1000ms. The process cannot access the file 'F:\Repositorios\LaPrimitiva\LaPrimitiva.App\bin\Debug\net10.0\LaPrimitiva.Infrastructure.dll' because it is being used by another process. El archivo se ha bloqueado por: "LaPrimitiva.App (42504)" [F:\Repositorios\LaPrimitiva\LaPrimitiva.App\LaPrimitiva.App.csproj]
C:\Program Files\dotnet\sdk\10.0.102\Microsoft.Common.CurrentVersion.targets(5080,5): warning MSB3026: No se pudo copiar "F:\Repositorios\LaPrimitiva\LaPrimitiva.Application\bin\Debug\net10.0\LaPrimitiva.Application.dll" en "bin\Debug\net10.0\LaPrimitiva.Application.dll". Se iniciará el reintento 8 dentro de 1000ms. The process cannot access the file 'F:\Repositorios\LaPrimitiva\LaPrimitiva.App\bin\Debug\net10.0\LaPrimitiva.Application.dll' because it is being used by another process. El archivo se ha bloqueado por: "LaPrimitiva.App (42504)" [F:\Repositorios\LaPrimitiva\LaPrimitiva.App\LaPrimitiva.App.csproj]
C:\Program Files\dotnet\sdk\10.0.102\Microsoft.Common.CurrentVersion.targets(5080,5): warning MSB3026: No se pudo copiar "F:\Repositorios\LaPrimitiva\LaPrimitiva.Domain\bin\Debug\net10.0\LaPrimitiva.Domain.dll" en "bin\Debug\net10.0\LaPrimitiva.Domain.dll". Se iniciará el reintento 8 dentro de 1000ms. The process cannot access the file 'F:\Repositorios\LaPrimitiva\LaPrimitiva.App\bin\Debug\net10.0\LaPrimitiva.Domain.dll' because it is being used by another process. El archivo se ha bloqueado por: "LaPrimitiva.App (42504)" [F:\Repositorios\LaPrimitiva\LaPrimitiva.App\LaPrimitiva.App.csproj]
C:\Program Files\dotnet\sdk\10.0.102\Microsoft.Common.CurrentVersion.targets(5080,5): warning MSB3026: No se pudo copiar "F:\Repositorios\LaPrimitiva\LaPrimitiva.Domain\bin\Debug\net10.0\es\LaPrimitiva.Domain.resources.dll" en "bin\Debug\net10.0\es\LaPrimitiva.Domain.resources.dll". Se iniciará el reintento 8 dentro de 1000ms. The process cannot access the file 'F:\Repositorios\LaPrimitiva\LaPrimitiva.App\bin\Debug\net10.0\es\LaPrimitiva.Domain.resources.dll' because it is being used by another process. El archivo se ha bloqueado por: "LaPrimitiva.App (42504)" [F:\Repositorios\LaPrimitiva\LaPrimitiva.App\LaPrimitiva.App.csproj]
C:\Program Files\dotnet\sdk\10.0.102\Microsoft.Common.CurrentVersion.targets(5080,5): warning MSB3026: No se pudo copiar "F:\Repositorios\LaPrimitiva\LaPrimitiva.Infrastructure\bin\Debug\net10.0\LaPrimitiva.Infrastructure.dll" en "bin\Debug\net10.0\LaPrimitiva.Infrastructure.dll". Se iniciará el reintento 8 dentro de 1000ms. The process cannot access the file 'F:\Repositorios\LaPrimitiva\LaPrimitiva.App\bin\Debug\net10.0\LaPrimitiva.Infrastructure.dll' because it is being used by another process. El archivo se ha bloqueado por: "LaPrimitiva.App (42504)" [F:\Repositorios\LaPrimitiva\LaPrimitiva.App\LaPrimitiva.App.csproj]
C:\Program Files\dotnet\sdk\10.0.102\Microsoft.Common.CurrentVersion.targets(5080,5): warning MSB3026: No se pudo copiar "F:\Repositorios\LaPrimitiva\LaPrimitiva.Application\bin\Debug\net10.0\LaPrimitiva.Application.dll" en "bin\Debug\net10.0\LaPrimitiva.Application.dll". Se iniciará el reintento 9 dentro de 1000ms. The process cannot access the file 'F:\Repositorios\LaPrimitiva\LaPrimitiva.App\bin\Debug\net10.0\LaPrimitiva.Application.dll' because it is being used by another process. El archivo se ha bloqueado por: "LaPrimitiva.App (42504)" [F:\Repositorios\LaPrimitiva\LaPrimitiva.App\LaPrimitiva.App.csproj]
C:\Program Files\dotnet\sdk\10.0.102\Microsoft.Common.CurrentVersion.targets(5080,5): warning MSB3026: No se pudo copiar "F:\Repositorios\LaPrimitiva\LaPrimitiva.Domain\bin\Debug\net10.0\LaPrimitiva.Domain.dll" en "bin\Debug\net10.0\LaPrimitiva.Domain.dll". Se iniciará el reintento 9 dentro de 1000ms. The process cannot access the file 'F:\Repositorios\LaPrimitiva\LaPrimitiva.App\bin\Debug\net10.0\LaPrimitiva.Domain.dll' because it is being used by another process. El archivo se ha bloqueado por: "LaPrimitiva.App (42504)" [F:\Repositorios\LaPrimitiva\LaPrimitiva.App\LaPrimitiva.App.csproj]
C:\Program Files\dotnet\sdk\10.0.102\Microsoft.Common.CurrentVersion.targets(5080,5): warning MSB3026: No se pudo copiar "F:\Repositorios\LaPrimitiva\LaPrimitiva.Domain\bin\Debug\net10.0\es\LaPrimitiva.Domain.resources.dll" en "bin\Debug\net10.0\es\LaPrimitiva.Domain.resources.dll". Se iniciará el reintento 9 dentro de 1000ms. The process cannot access the file 'F:\Repositorios\LaPrimitiva\LaPrimitiva.App\bin\Debug\net10.0\es\LaPrimitiva.Domain.resources.dll' because it is being used by another process. El archivo se ha bloqueado por: "LaPrimitiva.App (42504)" [F:\Repositorios\LaPrimitiva\LaPrimitiva.App\LaPrimitiva.App.csproj]
C:\Program Files\dotnet\sdk\10.0.102\Microsoft.Common.CurrentVersion.targets(5080,5): warning MSB3026: No se pudo copiar "F:\Repositorios\LaPrimitiva\LaPrimitiva.Infrastructure\bin\Debug\net10.0\LaPrimitiva.Infrastructure.dll" en "bin\Debug\net10.0\LaPrimitiva.Infrastructure.dll". Se iniciará el reintento 9 dentro de 1000ms. The process cannot access the file 'F:\Repositorios\LaPrimitiva\LaPrimitiva.App\bin\Debug\net10.0\LaPrimitiva.Infrastructure.dll' because it is being used by another process. El archivo se ha bloqueado por: "LaPrimitiva.App (42504)" [F:\Repositorios\LaPrimitiva\LaPrimitiva.App\LaPrimitiva.App.csproj]
C:\Program Files\dotnet\sdk\10.0.102\Microsoft.Common.CurrentVersion.targets(5080,5): warning MSB3026: No se pudo copiar "F:\Repositorios\LaPrimitiva\LaPrimitiva.Application\bin\Debug\net10.0\LaPrimitiva.Application.dll" en "bin\Debug\net10.0\LaPrimitiva.Application.dll". Se iniciará el reintento 10 dentro de 1000ms. The process cannot access the file 'F:\Repositorios\LaPrimitiva\LaPrimitiva.App\bin\Debug\net10.0\LaPrimitiva.Application.dll' because it is being used by another process. El archivo se ha bloqueado por: "LaPrimitiva.App (42504)" [F:\Repositorios\LaPrimitiva\LaPrimitiva.App\LaPrimitiva.App.csproj]
C:\Program Files\dotnet\sdk\10.0.102\Microsoft.Common.CurrentVersion.targets(5080,5): warning MSB3026: No se pudo copiar "F:\Repositorios\LaPrimitiva\LaPrimitiva.Domain\bin\Debug\net10.0\LaPrimitiva.Domain.dll" en "bin\Debug\net10.0\LaPrimitiva.Domain.dll". Se iniciará el reintento 10 dentro de 1000ms. The process cannot access the file 'F:\Repositorios\LaPrimitiva\LaPrimitiva.App\bin\Debug\net10.0\LaPrimitiva.Domain.dll' because it is being used by another process. El archivo se ha bloqueado por: "LaPrimitiva.App (42504)" [F:\Repositorios\LaPrimitiva\LaPrimitiva.App\LaPrimitiva.App.csproj]
C:\Program Files\dotnet\sdk\10.0.102\Microsoft.Common.CurrentVersion.targets(5080,5): warning MSB3026: No se pudo copiar "F:\Repositorios\LaPrimitiva\LaPrimitiva.Domain\bin\Debug\net10.0\es\LaPrimitiva.Domain.resources.dll" en "bin\Debug\net10.0\es\LaPrimitiva.Domain.resources.dll". Se iniciará el reintento 10 dentro de 1000ms. The process cannot access the file 'F:\Repositorios\LaPrimitiva\LaPrimitiva.App\bin\Debug\net10.0\es\LaPrimitiva.Domain.resources.dll' because it is being used by another process. El archivo se ha bloqueado por: "LaPrimitiva.App (42504)" [F:\Repositorios\LaPrimitiva\LaPrimitiva.App\LaPrimitiva.App.csproj]
C:\Program Files\dotnet\sdk\10.0.102\Microsoft.Common.CurrentVersion.targets(5080,5): warning MSB3026: No se pudo copiar "F:\Repositorios\LaPrimitiva\LaPrimitiva.Infrastructure\bin\Debug\net10.0\LaPrimitiva.Infrastructure.dll" en "bin\Debug\net10.0\LaPrimitiva.Infrastructure.dll". Se iniciará el reintento 10 dentro de 1000ms. The process cannot access the file 'F:\Repositorios\LaPrimitiva\LaPrimitiva.App\bin\Debug\net10.0\LaPrimitiva.Infrastructure.dll' because it is being used by another process. El archivo se ha bloqueado por: "LaPrimitiva.App (42504)" [F:\Repositorios\LaPrimitiva\LaPrimitiva.App\LaPrimitiva.App.csproj]
C:\Program Files\dotnet\sdk\10.0.102\Microsoft.Common.CurrentVersion.targets(5080,5): error MSB3027: No se pudo copiar "F:\Repositorios\LaPrimitiva\LaPrimitiva.Application\bin\Debug\net10.0\LaPrimitiva.Application.dll" en "bin\Debug\net10.0\LaPrimitiva.Application.dll". Se superó el número de 10 reintentos. Error. El archivo se ha bloqueado por: "LaPrimitiva.App (42504)" [F:\Repositorios\LaPrimitiva\LaPrimitiva.App\LaPrimitiva.App.csproj]
C:\Program Files\dotnet\sdk\10.0.102\Microsoft.Common.CurrentVersion.targets(5080,5): error MSB3021: No se puede copiar "F:\Repositorios\LaPrimitiva\LaPrimitiva.Application\bin\Debug\net10.0\LaPrimitiva.Application.dll" en "bin\Debug\net10.0\LaPrimitiva.Application.dll". The process cannot access the file 'F:\Repositorios\LaPrimitiva\LaPrimitiva.App\bin\Debug\net10.0\LaPrimitiva.Application.dll' because it is being used by another process. [F:\Repositorios\LaPrimitiva\LaPrimitiva.App\LaPrimitiva.App.csproj]
C:\Program Files\dotnet\sdk\10.0.102\Microsoft.Common.CurrentVersion.targets(5080,5): error MSB3027: No se pudo copiar "F:\Repositorios\LaPrimitiva\LaPrimitiva.Infrastructure\bin\Debug\net10.0\LaPrimitiva.Infrastructure.dll" en "bin\Debug\net10.0\LaPrimitiva.Infrastructure.dll". Se superó el número de 10 reintentos. Error. El archivo se ha bloqueado por: "LaPrimitiva.App (42504)" [F:\Repositorios\LaPrimitiva\LaPrimitiva.App\LaPrimitiva.App.csproj]
C:\Program Files\dotnet\sdk\10.0.102\Microsoft.Common.CurrentVersion.targets(5080,5): error MSB3021: No se puede copiar "F:\Repositorios\LaPrimitiva\LaPrimitiva.Infrastructure\bin\Debug\net10.0\LaPrimitiva.Infrastructure.dll" en "bin\Debug\net10.0\LaPrimitiva.Infrastructure.dll". The process cannot access the file 'F:\Repositorios\LaPrimitiva\LaPrimitiva.App\bin\Debug\net10.0\LaPrimitiva.Infrastructure.dll' because it is being used by another process. [F:\Repositorios\LaPrimitiva\LaPrimitiva.App\LaPrimitiva.App.csproj]
C:\Program Files\dotnet\sdk\10.0.102\Microsoft.Common.CurrentVersion.targets(5080,5): error MSB3027: No se pudo copiar "F:\Repositorios\LaPrimitiva\LaPrimitiva.Domain\bin\Debug\net10.0\LaPrimitiva.Domain.dll" en "bin\Debug\net10.0\LaPrimitiva.Domain.dll". Se superó el número de 10 reintentos. Error. El archivo se ha bloqueado por: "LaPrimitiva.App (42504)" [F:\Repositorios\LaPrimitiva\LaPrimitiva.App\LaPrimitiva.App.csproj]
C:\Program Files\dotnet\sdk\10.0.102\Microsoft.Common.CurrentVersion.targets(5080,5): error MSB3021: No se puede copiar "F:\Repositorios\LaPrimitiva\LaPrimitiva.Domain\bin\Debug\net10.0\LaPrimitiva.Domain.dll" en "bin\Debug\net10.0\LaPrimitiva.Domain.dll". The process cannot access the file 'F:\Repositorios\LaPrimitiva\LaPrimitiva.App\bin\Debug\net10.0\LaPrimitiva.Domain.dll' because it is being used by another process. [F:\Repositorios\LaPrimitiva\LaPrimitiva.App\LaPrimitiva.App.csproj]
C:\Program Files\dotnet\sdk\10.0.102\Microsoft.Common.CurrentVersion.targets(5080,5): error MSB3027: No se pudo copiar "F:\Repositorios\LaPrimitiva\LaPrimitiva.Domain\bin\Debug\net10.0\es\LaPrimitiva.Domain.resources.dll" en "bin\Debug\net10.0\es\LaPrimitiva.Domain.resources.dll". Se superó el número de 10 reintentos. Error. El archivo se ha bloqueado por: "LaPrimitiva.App (42504)" [F:\Repositorios\LaPrimitiva\LaPrimitiva.App\LaPrimitiva.App.csproj]
C:\Program Files\dotnet\sdk\10.0.102\Microsoft.Common.CurrentVersion.targets(5080,5): error MSB3021: No se puede copiar "F:\Repositorios\LaPrimitiva\LaPrimitiva.Domain\bin\Debug\net10.0\es\LaPrimitiva.Domain.resources.dll" en "bin\Debug\net10.0\es\LaPrimitiva.Domain.resources.dll". The process cannot access the file 'F:\Repositorios\LaPrimitiva\LaPrimitiva.App\bin\Debug\net10.0\es\LaPrimitiva.Domain.resources.dll' because it is being used by another process. [F:\Repositorios\LaPrimitiva\LaPrimitiva.App\LaPrimitiva.App.csproj]

ERROR al compilar.

C:\Program Files\dotnet\sdk\10.0.102\Microsoft.Common.CurrentVersion.targets(5080,5): warning MSB3026: No se pudo copiar "F:\Repositorios\LaPrimitiva\LaPrimitiva.Application\bin\Debug\net10.0\LaPrimitiva.Application.dll" en "bin\Debug\net10.0\LaPrimitiva.Application.dll". Se iniciará el reintento 1 dentro de 1000ms. The process cannot access the file 'F:\Repositorios\LaPrimitiva\LaPrimitiva.App\bin\Debug\net10.0\LaPrimitiva.Application.dll' because it is being used by another process. El archivo se ha bloqueado por: "LaPrimitiva.App (42504)" [F:\Repositorios\LaPrimitiva\LaPrimitiva.App\LaPrimitiva.App.csproj]
C:\Program Files\dotnet\sdk\10.0.102\Microsoft.Common.CurrentVersion.targets(5080,5): warning MSB3026: No se pudo copiar "F:\Repositorios\LaPrimitiva\LaPrimitiva.Infrastructure\bin\Debug\net10.0\LaPrimitiva.Infrastructure.dll" en "bin\Debug\net10.0\LaPrimitiva.Infrastructure.dll". Se iniciará el reintento 1 dentro de 1000ms. The process cannot access the file 'F:\Repositorios\LaPrimitiva\LaPrimitiva.App\bin\Debug\net10.0\LaPrimitiva.Infrastructure.dll' because it is being used by another process. El archivo se ha bloqueado por: "LaPrimitiva.App (42504)" [F:\Repositorios\LaPrimitiva\LaPrimitiva.App\LaPrimitiva.App.csproj]
C:\Program Files\dotnet\sdk\10.0.102\Microsoft.Common.CurrentVersion.targets(5080,5): warning MSB3026: No se pudo copiar "F:\Repositorios\LaPrimitiva\LaPrimitiva.Domain\bin\Debug\net10.0\es\LaPrimitiva.Domain.resources.dll" en "bin\Debug\net10.0\es\LaPrimitiva.Domain.resources.dll". Se iniciará el reintento 1 dentro de 1000ms. The process cannot access the file 'F:\Repositorios\LaPrimitiva\LaPrimitiva.App\bin\Debug\net10.0\es\LaPrimitiva.Domain.resources.dll' because it is being used by another process. El archivo se ha bloqueado por: "LaPrimitiva.App (42504)" [F:\Repositorios\LaPrimitiva\LaPrimitiva.App\LaPrimitiva.App.csproj]
C:\Program Files\dotnet\sdk\10.0.102\Microsoft.Common.CurrentVersion.targets(5080,5): warning MSB3026: No se pudo copiar "F:\Repositorios\LaPrimitiva\LaPrimitiva.Domain\bin\Debug\net10.0\LaPrimitiva.Domain.dll" en "bin\Debug\net10.0\LaPrimitiva.Domain.dll". Se iniciará el reintento 1 dentro de 1000ms. The process cannot access the file 'F:\Repositorios\LaPrimitiva\LaPrimitiva.App\bin\Debug\net10.0\LaPrimitiva.Domain.dll' because it is being used by another process. El archivo se ha bloqueado por: "LaPrimitiva.App (42504)" [F:\Repositorios\LaPrimitiva\LaPrimitiva.App\LaPrimitiva.App.csproj]
C:\Program Files\dotnet\sdk\10.0.102\Microsoft.Common.CurrentVersion.targets(5080,5): warning MSB3026: No se pudo copiar "F:\Repositorios\LaPrimitiva\LaPrimitiva.Application\bin\Debug\net10.0\LaPrimitiva.Application.dll" en "bin\Debug\net10.0\LaPrimitiva.Application.dll". Se iniciará el reintento 2 dentro de 1000ms. The process cannot access the file 'F:\Repositorios\LaPrimitiva\LaPrimitiva.App\bin\Debug\net10.0\LaPrimitiva.Application.dll' because it is being used by another process. El archivo se ha bloqueado por: "LaPrimitiva.App (42504)" [F:\Repositorios\LaPrimitiva\LaPrimitiva.App\LaPrimitiva.App.csproj]
C:\Program Files\dotnet\sdk\10.0.102\Microsoft.Common.CurrentVersion.targets(5080,5): warning MSB3026: No se pudo copiar "F:\Repositorios\LaPrimitiva\LaPrimitiva.Infrastructure\bin\Debug\net10.0\LaPrimitiva.Infrastructure.dll" en "bin\Debug\net10.0\LaPrimitiva.Infrastructure.dll". Se iniciará el reintento 2 dentro de 1000ms. The process cannot access the file 'F:\Repositorios\LaPrimitiva\LaPrimitiva.App\bin\Debug\net10.0\LaPrimitiva.Infrastructure.dll' because it is being used by another process. El archivo se ha bloqueado por: "LaPrimitiva.App (42504)" [F:\Repositorios\LaPrimitiva\LaPrimitiva.App\LaPrimitiva.App.csproj]
C:\Program Files\dotnet\sdk\10.0.102\Microsoft.Common.CurrentVersion.targets(5080,5): warning MSB3026: No se pudo copiar "F:\Repositorios\LaPrimitiva\LaPrimitiva.Domain\bin\Debug\net10.0\es\LaPrimitiva.Domain.resources.dll" en "bin\Debug\net10.0\es\LaPrimitiva.Domain.resources.dll". Se iniciará el reintento 2 dentro de 1000ms. The process cannot access the file 'F:\Repositorios\LaPrimitiva\LaPrimitiva.App\bin\Debug\net10.0\es\LaPrimitiva.Domain.resources.dll' because it is being used by another process. El archivo se ha bloqueado por: "LaPrimitiva.App (42504)" [F:\Repositorios\LaPrimitiva\LaPrimitiva.App\LaPrimitiva.App.csproj]
C:\Program Files\dotnet\sdk\10.0.102\Microsoft.Common.CurrentVersion.targets(5080,5): warning MSB3026: No se pudo copiar "F:\Repositorios\LaPrimitiva\LaPrimitiva.Domain\bin\Debug\net10.0\LaPrimitiva.Domain.dll" en "bin\Debug\net10.0\LaPrimitiva.Domain.dll". Se iniciará el reintento 2 dentro de 1000ms. The process cannot access the file 'F:\Repositorios\LaPrimitiva\LaPrimitiva.App\bin\Debug\net10.0\LaPrimitiva.Domain.dll' because it is being used by another process. El archivo se ha bloqueado por: "LaPrimitiva.App (42504)" [F:\Repositorios\LaPrimitiva\LaPrimitiva.App\LaPrimitiva.App.csproj]
C:\Program Files\dotnet\sdk\10.0.102\Microsoft.Common.CurrentVersion.targets(5080,5): warning MSB3026: No se pudo copiar "F:\Repositorios\LaPrimitiva\LaPrimitiva.Application\bin\Debug\net10.0\LaPrimitiva.Application.dll" en "bin\Debug\net10.0\LaPrimitiva.Application.dll". Se iniciará el reintento 3 dentro de 1000ms. The process cannot access the file 'F:\Repositorios\LaPrimitiva\LaPrimitiva.App\bin\Debug\net10.0\LaPrimitiva.Application.dll' because it is being used by another process. El archivo se ha bloqueado por: "LaPrimitiva.App (42504)" [F:\Repositorios\LaPrimitiva\LaPrimitiva.App\LaPrimitiva.App.csproj]
C:\Program Files\dotnet\sdk\10.0.102\Microsoft.Common.CurrentVersion.targets(5080,5): warning MSB3026: No se pudo copiar "F:\Repositorios\LaPrimitiva\LaPrimitiva.Infrastructure\bin\Debug\net10.0\LaPrimitiva.Infrastructure.dll" en "bin\Debug\net10.0\LaPrimitiva.Infrastructure.dll". Se iniciará el reintento 3 dentro de 1000ms. The process cannot access the file 'F:\Repositorios\LaPrimitiva\LaPrimitiva.App\bin\Debug\net10.0\LaPrimitiva.Infrastructure.dll' because it is being used by another process. El archivo se ha bloqueado por: "LaPrimitiva.App (42504)" [F:\Repositorios\LaPrimitiva\LaPrimitiva.App\LaPrimitiva.App.csproj]
C:\Program Files\dotnet\sdk\10.0.102\Microsoft.Common.CurrentVersion.targets(5080,5): warning MSB3026: No se pudo copiar "F:\Repositorios\LaPrimitiva\LaPrimitiva.Domain\bin\Debug\net10.0\LaPrimitiva.Domain.dll" en "bin\Debug\net10.0\LaPrimitiva.Domain.dll". Se iniciará el reintento 3 dentro de 1000ms. The process cannot access the file 'F:\Repositorios\LaPrimitiva\LaPrimitiva.App\bin\Debug\net10.0\LaPrimitiva.Domain.dll' because it is being used by another process. El archivo se ha bloqueado por: "LaPrimitiva.App (42504)" [F:\Repositorios\LaPrimitiva\LaPrimitiva.App\LaPrimitiva.App.csproj]
C:\Program Files\dotnet\sdk\10.0.102\Microsoft.Common.CurrentVersion.targets(5080,5): warning MSB3026: No se pudo copiar "F:\Repositorios\LaPrimitiva\LaPrimitiva.Domain\bin\Debug\net10.0\es\LaPrimitiva.Domain.resources.dll" en "bin\Debug\net10.0\es\LaPrimitiva.Domain.resources.dll". Se iniciará el reintento 3 dentro de 1000ms. The process cannot access the file 'F:\Repositorios\LaPrimitiva\LaPrimitiva.App\bin\Debug\net10.0\es\LaPrimitiva.Domain.resources.dll' because it is being used by another process. El archivo se ha bloqueado por: "LaPrimitiva.App (42504)" [F:\Repositorios\LaPrimitiva\LaPrimitiva.App\LaPrimitiva.App.csproj]
C:\Program Files\dotnet\sdk\10.0.102\Microsoft.Common.CurrentVersion.targets(5080,5): warning MSB3026: No se pudo copiar "F:\Repositorios\LaPrimitiva\LaPrimitiva.Infrastructure\bin\Debug\net10.0\LaPrimitiva.Infrastructure.dll" en "bin\Debug\net10.0\LaPrimitiva.Infrastructure.dll". Se iniciará el reintento 4 dentro de 1000ms. The process cannot access the file 'F:\Repositorios\LaPrimitiva\LaPrimitiva.App\bin\Debug\net10.0\LaPrimitiva.Infrastructure.dll' because it is being used by another process. El archivo se ha bloqueado por: "LaPrimitiva.App (42504)" [F:\Repositorios\LaPrimitiva\LaPrimitiva.App\LaPrimitiva.App.csproj]
C:\Program Files\dotnet\sdk\10.0.102\Microsoft.Common.CurrentVersion.targets(5080,5): warning MSB3026: No se pudo copiar "F:\Repositorios\LaPrimitiva\LaPrimitiva.Application\bin\Debug\net10.0\LaPrimitiva.Application.dll" en "bin\Debug\net10.0\LaPrimitiva.Application.dll". Se iniciará el reintento 4 dentro de 1000ms. The process cannot access the file 'F:\Repositorios\LaPrimitiva\LaPrimitiva.App\bin\Debug\net10.0\LaPrimitiva.Application.dll' because it is being used by another process. El archivo se ha bloqueado por: "LaPrimitiva.App (42504)" [F:\Repositorios\LaPrimitiva\LaPrimitiva.App\LaPrimitiva.App.csproj]
C:\Program Files\dotnet\sdk\10.0.102\Microsoft.Common.CurrentVersion.targets(5080,5): warning MSB3026: No se pudo copiar "F:\Repositorios\LaPrimitiva\LaPrimitiva.Domain\bin\Debug\net10.0\LaPrimitiva.Domain.dll" en "bin\Debug\net10.0\LaPrimitiva.Domain.dll". Se iniciará el reintento 4 dentro de 1000ms. The process cannot access the file 'F:\Repositorios\LaPrimitiva\LaPrimitiva.App\bin\Debug\net10.0\LaPrimitiva.Domain.dll' because it is being used by another process. El archivo se ha bloqueado por: "LaPrimitiva.App (42504)" [F:\Repositorios\LaPrimitiva\LaPrimitiva.App\LaPrimitiva.App.csproj]
C:\Program Files\dotnet\sdk\10.0.102\Microsoft.Common.CurrentVersion.targets(5080,5): warning MSB3026: No se pudo copiar "F:\Repositorios\LaPrimitiva\LaPrimitiva.Domain\bin\Debug\net10.0\es\LaPrimitiva.Domain.resources.dll" en "bin\Debug\net10.0\es\LaPrimitiva.Domain.resources.dll". Se iniciará el reintento 4 dentro de 1000ms. The process cannot access the file 'F:\Repositorios\LaPrimitiva\LaPrimitiva.App\bin\Debug\net10.0\es\LaPrimitiva.Domain.resources.dll' because it is being used by another process. El archivo se ha bloqueado por: "LaPrimitiva.App (42504)" [F:\Repositorios\LaPrimitiva\LaPrimitiva.App\LaPrimitiva.App.csproj]
C:\Program Files\dotnet\sdk\10.0.102\Microsoft.Common.CurrentVersion.targets(5080,5): warning MSB3026: No se pudo copiar "F:\Repositorios\LaPrimitiva\LaPrimitiva.Infrastructure\bin\Debug\net10.0\LaPrimitiva.Infrastructure.dll" en "bin\Debug\net10.0\LaPrimitiva.Infrastructure.dll". Se iniciará el reintento 5 dentro de 1000ms. The process cannot access the file 'F:\Repositorios\LaPrimitiva\LaPrimitiva.App\bin\Debug\net10.0\LaPrimitiva.Infrastructure.dll' because it is being used by another process. El archivo se ha bloqueado por: "LaPrimitiva.App (42504)" [F:\Repositorios\LaPrimitiva\LaPrimitiva.App\LaPrimitiva.App.csproj]
C:\Program Files\dotnet\sdk\10.0.102\Microsoft.Common.CurrentVersion.targets(5080,5): warning MSB3026: No se pudo copiar "F:\Repositorios\LaPrimitiva\LaPrimitiva.Application\bin\Debug\net10.0\LaPrimitiva.Application.dll" en "bin\Debug\net10.0\LaPrimitiva.Application.dll". Se iniciará el reintento 5 dentro de 1000ms. The process cannot access the file 'F:\Repositorios\LaPrimitiva\LaPrimitiva.App\bin\Debug\net10.0\LaPrimitiva.Application.dll' because it is being used by another process. El archivo se ha bloqueado por: "LaPrimitiva.App (42504)" [F:\Repositorios\LaPrimitiva\LaPrimitiva.App\LaPrimitiva.App.csproj]
C:\Program Files\dotnet\sdk\10.0.102\Microsoft.Common.CurrentVersion.targets(5080,5): warning MSB3026: No se pudo copiar "F:\Repositorios\LaPrimitiva\LaPrimitiva.Domain\bin\Debug\net10.0\LaPrimitiva.Domain.dll" en "bin\Debug\net10.0\LaPrimitiva.Domain.dll". Se iniciará el reintento 5 dentro de 1000ms. The process cannot access the file 'F:\Repositorios\LaPrimitiva\LaPrimitiva.App\bin\Debug\net10.0\LaPrimitiva.Domain.dll' because it is being used by another process. El archivo se ha bloqueado por: "LaPrimitiva.App (42504)" [F:\Repositorios\LaPrimitiva\LaPrimitiva.App\LaPrimitiva.App.csproj]
C:\Program Files\dotnet\sdk\10.0.102\Microsoft.Common.CurrentVersion.targets(5080,5): warning MSB3026: No se pudo copiar "F:\Repositorios\LaPrimitiva\LaPrimitiva.Domain\bin\Debug\net10.0\es\LaPrimitiva.Domain.resources.dll" en "bin\Debug\net10.0\es\LaPrimitiva.Domain.resources.dll". Se iniciará el reintento 5 dentro de 1000ms. The process cannot access the file 'F:\Repositorios\LaPrimitiva\LaPrimitiva.App\bin\Debug\net10.0\es\LaPrimitiva.Domain.resources.dll' because it is being used by another process. El archivo se ha bloqueado por: "LaPrimitiva.App (42504)" [F:\Repositorios\LaPrimitiva\LaPrimitiva.App\LaPrimitiva.App.csproj]
C:\Program Files\dotnet\sdk\10.0.102\Microsoft.Common.CurrentVersion.targets(5080,5): warning MSB3026: No se pudo copiar "F:\Repositorios\LaPrimitiva\LaPrimitiva.Application\bin\Debug\net10.0\LaPrimitiva.Application.dll" en "bin\Debug\net10.0\LaPrimitiva.Application.dll". Se iniciará el reintento 6 dentro de 1000ms. The process cannot access the file 'F:\Repositorios\LaPrimitiva\LaPrimitiva.App\bin\Debug\net10.0\LaPrimitiva.Application.dll' because it is being used by another process. El archivo se ha bloqueado por: "LaPrimitiva.App (42504)" [F:\Repositorios\LaPrimitiva\LaPrimitiva.App\LaPrimitiva.App.csproj]
C:\Program Files\dotnet\sdk\10.0.102\Microsoft.Common.CurrentVersion.targets(5080,5): warning MSB3026: No se pudo copiar "F:\Repositorios\LaPrimitiva\LaPrimitiva.Infrastructure\bin\Debug\net10.0\LaPrimitiva.Infrastructure.dll" en "bin\Debug\net10.0\LaPrimitiva.Infrastructure.dll". Se iniciará el reintento 6 dentro de 1000ms. The process cannot access the file 'F:\Repositorios\LaPrimitiva\LaPrimitiva.App\bin\Debug\net10.0\LaPrimitiva.Infrastructure.dll' because it is being used by another process. El archivo se ha bloqueado por: "LaPrimitiva.App (42504)" [F:\Repositorios\LaPrimitiva\LaPrimitiva.App\LaPrimitiva.App.csproj]
C:\Program Files\dotnet\sdk\10.0.102\Microsoft.Common.CurrentVersion.targets(5080,5): warning MSB3026: No se pudo copiar "F:\Repositorios\LaPrimitiva\LaPrimitiva.Domain\bin\Debug\net10.0\LaPrimitiva.Domain.dll" en "bin\Debug\net10.0\LaPrimitiva.Domain.dll". Se iniciará el reintento 6 dentro de 1000ms. The process cannot access the file 'F:\Repositorios\LaPrimitiva\LaPrimitiva.App\bin\Debug\net10.0\LaPrimitiva.Domain.dll' because it is being used by another process. El archivo se ha bloqueado por: "LaPrimitiva.App (42504)" [F:\Repositorios\LaPrimitiva\LaPrimitiva.App\LaPrimitiva.App.csproj]
C:\Program Files\dotnet\sdk\10.0.102\Microsoft.Common.CurrentVersion.targets(5080,5): warning MSB3026: No se pudo copiar "F:\Repositorios\LaPrimitiva\LaPrimitiva.Domain\bin\Debug\net10.0\es\LaPrimitiva.Domain.resources.dll" en "bin\Debug\net10.0\es\LaPrimitiva.Domain.resources.dll". Se iniciará el reintento 6 dentro de 1000ms. The process cannot access the file 'F:\Repositorios\LaPrimitiva\LaPrimitiva.App\bin\Debug\net10.0\es\LaPrimitiva.Domain.resources.dll' because it is being used by another process. El archivo se ha bloqueado por: "LaPrimitiva.App (42504)" [F:\Repositorios\LaPrimitiva\LaPrimitiva.App\LaPrimitiva.App.csproj]
C:\Program Files\dotnet\sdk\10.0.102\Microsoft.Common.CurrentVersion.targets(5080,5): warning MSB3026: No se pudo copiar "F:\Repositorios\LaPrimitiva\LaPrimitiva.Application\bin\Debug\net10.0\LaPrimitiva.Application.dll" en "bin\Debug\net10.0\LaPrimitiva.Application.dll". Se iniciará el reintento 7 dentro de 1000ms. The process cannot access the file 'F:\Repositorios\LaPrimitiva\LaPrimitiva.App\bin\Debug\net10.0\LaPrimitiva.Application.dll' because it is being used by another process. El archivo se ha bloqueado por: "LaPrimitiva.App (42504)" [F:\Repositorios\LaPrimitiva\LaPrimitiva.App\LaPrimitiva.App.csproj]
C:\Program Files\dotnet\sdk\10.0.102\Microsoft.Common.CurrentVersion.targets(5080,5): warning MSB3026: No se pudo copiar "F:\Repositorios\LaPrimitiva\LaPrimitiva.Domain\bin\Debug\net10.0\LaPrimitiva.Domain.dll" en "bin\Debug\net10.0\LaPrimitiva.Domain.dll". Se iniciará el reintento 7 dentro de 1000ms. The process cannot access the file 'F:\Repositorios\LaPrimitiva\LaPrimitiva.App\bin\Debug\net10.0\LaPrimitiva.Domain.dll' because it is being used by another process. El archivo se ha bloqueado por: "LaPrimitiva.App (42504)" [F:\Repositorios\LaPrimitiva\LaPrimitiva.App\LaPrimitiva.App.csproj]
C:\Program Files\dotnet\sdk\10.0.102\Microsoft.Common.CurrentVersion.targets(5080,5): warning MSB3026: No se pudo copiar "F:\Repositorios\LaPrimitiva\LaPrimitiva.Domain\bin\Debug\net10.0\es\LaPrimitiva.Domain.resources.dll" en "bin\Debug\net10.0\es\LaPrimitiva.Domain.resources.dll". Se iniciará el reintento 7 dentro de 1000ms. The process cannot access the file 'F:\Repositorios\LaPrimitiva\LaPrimitiva.App\bin\Debug\net10.0\es\LaPrimitiva.Domain.resources.dll' because it is being used by another process. El archivo se ha bloqueado por: "LaPrimitiva.App (42504)" [F:\Repositorios\LaPrimitiva\LaPrimitiva.App\LaPrimitiva.App.csproj]
C:\Program Files\dotnet\sdk\10.0.102\Microsoft.Common.CurrentVersion.targets(5080,5): warning MSB3026: No se pudo copiar "F:\Repositorios\LaPrimitiva\LaPrimitiva.Infrastructure\bin\Debug\net10.0\LaPrimitiva.Infrastructure.dll" en "bin\Debug\net10.0\LaPrimitiva.Infrastructure.dll". Se iniciará el reintento 7 dentro de 1000ms. The process cannot access the file 'F:\Repositorios\LaPrimitiva\LaPrimitiva.App\bin\Debug\net10.0\LaPrimitiva.Infrastructure.dll' because it is being used by another process. El archivo se ha bloqueado por: "LaPrimitiva.App (42504)" [F:\Repositorios\LaPrimitiva\LaPrimitiva.App\LaPrimitiva.App.csproj]
C:\Program Files\dotnet\sdk\10.0.102\Microsoft.Common.CurrentVersion.targets(5080,5): warning MSB3026: No se pudo copiar "F:\Repositorios\LaPrimitiva\LaPrimitiva.Application\bin\Debug\net10.0\LaPrimitiva.Application.dll" en "bin\Debug\net10.0\LaPrimitiva.Application.dll". Se iniciará el reintento 8 dentro de 1000ms. The process cannot access the file 'F:\Repositorios\LaPrimitiva\LaPrimitiva.App\bin\Debug\net10.0\LaPrimitiva.Application.dll' because it is being used by another process. El archivo se ha bloqueado por: "LaPrimitiva.App (42504)" [F:\Repositorios\LaPrimitiva\LaPrimitiva.App\LaPrimitiva.App.csproj]
C:\Program Files\dotnet\sdk\10.0.102\Microsoft.Common.CurrentVersion.targets(5080,5): warning MSB3026: No se pudo copiar "F:\Repositorios\LaPrimitiva\LaPrimitiva.Domain\bin\Debug\net10.0\LaPrimitiva.Domain.dll" en "bin\Debug\net10.0\LaPrimitiva.Domain.dll". Se iniciará el reintento 8 dentro de 1000ms. The process cannot access the file 'F:\Repositorios\LaPrimitiva\LaPrimitiva.App\bin\Debug\net10.0\LaPrimitiva.Domain.dll' because it is being used by another process. El archivo se ha bloqueado por: "LaPrimitiva.App (42504)" [F:\Repositorios\LaPrimitiva\LaPrimitiva.App\LaPrimitiva.App.csproj]
C:\Program Files\dotnet\sdk\10.0.102\Microsoft.Common.CurrentVersion.targets(5080,5): warning MSB3026: No se pudo copiar "F:\Repositorios\LaPrimitiva\LaPrimitiva.Domain\bin\Debug\net10.0\es\LaPrimitiva.Domain.resources.dll" en "bin\Debug\net10.0\es\LaPrimitiva.Domain.resources.dll". Se iniciará el reintento 8 dentro de 1000ms. The process cannot access the file 'F:\Repositorios\LaPrimitiva\LaPrimitiva.App\bin\Debug\net10.0\es\LaPrimitiva.Domain.resources.dll' because it is being used by another process. El archivo se ha bloqueado por: "LaPrimitiva.App (42504)" [F:\Repositorios\LaPrimitiva\LaPrimitiva.App\LaPrimitiva.App.csproj]
C:\Program Files\dotnet\sdk\10.0.102\Microsoft.Common.CurrentVersion.targets(5080,5): warning MSB3026: No se pudo copiar "F:\Repositorios\LaPrimitiva\LaPrimitiva.Infrastructure\bin\Debug\net10.0\LaPrimitiva.Infrastructure.dll" en "bin\Debug\net10.0\LaPrimitiva.Infrastructure.dll". Se iniciará el reintento 8 dentro de 1000ms. The process cannot access the file 'F:\Repositorios\LaPrimitiva\LaPrimitiva.App\bin\Debug\net10.0\LaPrimitiva.Infrastructure.dll' because it is being used by another process. El archivo se ha bloqueado por: "LaPrimitiva.App (42504)" [F:\Repositorios\LaPrimitiva\LaPrimitiva.App\LaPrimitiva.App.csproj]
C:\Program Files\dotnet\sdk\10.0.102\Microsoft.Common.CurrentVersion.targets(5080,5): warning MSB3026: No se pudo copiar "F:\Repositorios\LaPrimitiva\LaPrimitiva.Application\bin\Debug\net10.0\LaPrimitiva.Application.dll" en "bin\Debug\net10.0\LaPrimitiva.Application.dll". Se iniciará el reintento 9 dentro de 1000ms. The process cannot access the file 'F:\Repositorios\LaPrimitiva\LaPrimitiva.App\bin\Debug\net10.0\LaPrimitiva.Application.dll' because it is being used by another process. El archivo se ha bloqueado por: "LaPrimitiva.App (42504)" [F:\Repositorios\LaPrimitiva\LaPrimitiva.App\LaPrimitiva.App.csproj]
C:\Program Files\dotnet\sdk\10.0.102\Microsoft.Common.CurrentVersion.targets(5080,5): warning MSB3026: No se pudo copiar "F:\Repositorios\LaPrimitiva\LaPrimitiva.Domain\bin\Debug\net10.0\LaPrimitiva.Domain.dll" en "bin\Debug\net10.0\LaPrimitiva.Domain.dll". Se iniciará el reintento 9 dentro de 1000ms. The process cannot access the file 'F:\Repositorios\LaPrimitiva\LaPrimitiva.App\bin\Debug\net10.0\LaPrimitiva.Domain.dll' because it is being used by another process. El archivo se ha bloqueado por: "LaPrimitiva.App (42504)" [F:\Repositorios\LaPrimitiva\LaPrimitiva.App\LaPrimitiva.App.csproj]
C:\Program Files\dotnet\sdk\10.0.102\Microsoft.Common.CurrentVersion.targets(5080,5): warning MSB3026: No se pudo copiar "F:\Repositorios\LaPrimitiva\LaPrimitiva.Domain\bin\Debug\net10.0\es\LaPrimitiva.Domain.resources.dll" en "bin\Debug\net10.0\es\LaPrimitiva.Domain.resources.dll". Se iniciará el reintento 9 dentro de 1000ms. The process cannot access the file 'F:\Repositorios\LaPrimitiva\LaPrimitiva.App\bin\Debug\net10.0\es\LaPrimitiva.Domain.resources.dll' because it is being used by another process. El archivo se ha bloqueado por: "LaPrimitiva.App (42504)" [F:\Repositorios\LaPrimitiva\LaPrimitiva.App\LaPrimitiva.App.csproj]
C:\Program Files\dotnet\sdk\10.0.102\Microsoft.Common.CurrentVersion.targets(5080,5): warning MSB3026: No se pudo copiar "F:\Repositorios\LaPrimitiva\LaPrimitiva.Infrastructure\bin\Debug\net10.0\LaPrimitiva.Infrastructure.dll" en "bin\Debug\net10.0\LaPrimitiva.Infrastructure.dll". Se iniciará el reintento 9 dentro de 1000ms. The process cannot access the file 'F:\Repositorios\LaPrimitiva\LaPrimitiva.App\bin\Debug\net10.0\LaPrimitiva.Infrastructure.dll' because it is being used by another process. El archivo se ha bloqueado por: "LaPrimitiva.App (42504)" [F:\Repositorios\LaPrimitiva\LaPrimitiva.App\LaPrimitiva.App.csproj]
C:\Program Files\dotnet\sdk\10.0.102\Microsoft.Common.CurrentVersion.targets(5080,5): warning MSB3026: No se pudo copiar "F:\Repositorios\LaPrimitiva\LaPrimitiva.Application\bin\Debug\net10.0\LaPrimitiva.Application.dll" en "bin\Debug\net10.0\LaPrimitiva.Application.dll". Se iniciará el reintento 10 dentro de 1000ms. The process cannot access the file 'F:\Repositorios\LaPrimitiva\LaPrimitiva.App\bin\Debug\net10.0\LaPrimitiva.Application.dll' because it is being used by another process. El archivo se ha bloqueado por: "LaPrimitiva.App (42504)" [F:\Repositorios\LaPrimitiva\LaPrimitiva.App\LaPrimitiva.App.csproj]
C:\Program Files\dotnet\sdk\10.0.102\Microsoft.Common.CurrentVersion.targets(5080,5): warning MSB3026: No se pudo copiar "F:\Repositorios\LaPrimitiva\LaPrimitiva.Domain\bin\Debug\net10.0\LaPrimitiva.Domain.dll" en "bin\Debug\net10.0\LaPrimitiva.Domain.dll". Se iniciará el reintento 10 dentro de 1000ms. The process cannot access the file 'F:\Repositorios\LaPrimitiva\LaPrimitiva.App\bin\Debug\net10.0\LaPrimitiva.Domain.dll' because it is being used by another process. El archivo se ha bloqueado por: "LaPrimitiva.App (42504)" [F:\Repositorios\LaPrimitiva\LaPrimitiva.App\LaPrimitiva.App.csproj]
C:\Program Files\dotnet\sdk\10.0.102\Microsoft.Common.CurrentVersion.targets(5080,5): warning MSB3026: No se pudo copiar "F:\Repositorios\LaPrimitiva\LaPrimitiva.Domain\bin\Debug\net10.0\es\LaPrimitiva.Domain.resources.dll" en "bin\Debug\net10.0\es\LaPrimitiva.Domain.resources.dll". Se iniciará el reintento 10 dentro de 1000ms. The process cannot access the file 'F:\Repositorios\LaPrimitiva\LaPrimitiva.App\bin\Debug\net10.0\es\LaPrimitiva.Domain.resources.dll' because it is being used by another process. El archivo se ha bloqueado por: "LaPrimitiva.App (42504)" [F:\Repositorios\LaPrimitiva\LaPrimitiva.App\LaPrimitiva.App.csproj]
C:\Program Files\dotnet\sdk\10.0.102\Microsoft.Common.CurrentVersion.targets(5080,5): warning MSB3026: No se pudo copiar "F:\Repositorios\LaPrimitiva\LaPrimitiva.Infrastructure\bin\Debug\net10.0\LaPrimitiva.Infrastructure.dll" en "bin\Debug\net10.0\LaPrimitiva.Infrastructure.dll". Se iniciará el reintento 10 dentro de 1000ms. The process cannot access the file 'F:\Repositorios\LaPrimitiva\LaPrimitiva.App\bin\Debug\net10.0\LaPrimitiva.Infrastructure.dll' because it is being used by another process. El archivo se ha bloqueado por: "LaPrimitiva.App (42504)" [F:\Repositorios\LaPrimitiva\LaPrimitiva.App\LaPrimitiva.App.csproj]
C:\Program Files\dotnet\sdk\10.0.102\Microsoft.Common.CurrentVersion.targets(5080,5): error MSB3027: No se pudo copiar "F:\Repositorios\LaPrimitiva\LaPrimitiva.Application\bin\Debug\net10.0\LaPrimitiva.Application.dll" en "bin\Debug\net10.0\LaPrimitiva.Application.dll". Se superó el número de 10 reintentos. Error. El archivo se ha bloqueado por: "LaPrimitiva.App (42504)" [F:\Repositorios\LaPrimitiva\LaPrimitiva.App\LaPrimitiva.App.csproj]
C:\Program Files\dotnet\sdk\10.0.102\Microsoft.Common.CurrentVersion.targets(5080,5): error MSB3021: No se puede copiar "F:\Repositorios\LaPrimitiva\LaPrimitiva.Application\bin\Debug\net10.0\LaPrimitiva.Application.dll" en "bin\Debug\net10.0\LaPrimitiva.Application.dll". The process cannot access the file 'F:\Repositorios\LaPrimitiva\LaPrimitiva.App\bin\Debug\net10.0\LaPrimitiva.Application.dll' because it is being used by another process. [F:\Repositorios\LaPrimitiva\LaPrimitiva.App\LaPrimitiva.App.csproj]
C:\Program Files\dotnet\sdk\10.0.102\Microsoft.Common.CurrentVersion.targets(5080,5): error MSB3027: No se pudo copiar "F:\Repositorios\LaPrimitiva\LaPrimitiva.Infrastructure\bin\Debug\net10.0\LaPrimitiva.Infrastructure.dll" en "bin\Debug\net10.0\LaPrimitiva.Infrastructure.dll". Se superó el número de 10 reintentos. Error. El archivo se ha bloqueado por: "LaPrimitiva.App (42504)" [F:\Repositorios\LaPrimitiva\LaPrimitiva.App\LaPrimitiva.App.csproj]
C:\Program Files\dotnet\sdk\10.0.102\Microsoft.Common.CurrentVersion.targets(5080,5): error MSB3021: No se puede copiar "F:\Repositorios\LaPrimitiva\LaPrimitiva.Infrastructure\bin\Debug\net10.0\LaPrimitiva.Infrastructure.dll" en "bin\Debug\net10.0\LaPrimitiva.Infrastructure.dll". The process cannot access the file 'F:\Repositorios\LaPrimitiva\LaPrimitiva.App\bin\Debug\net10.0\LaPrimitiva.Infrastructure.dll' because it is being used by another process. [F:\Repositorios\LaPrimitiva\LaPrimitiva.App\LaPrimitiva.App.csproj]
C:\Program Files\dotnet\sdk\10.0.102\Microsoft.Common.CurrentVersion.targets(5080,5): error MSB3027: No se pudo copiar "F:\Repositorios\LaPrimitiva\LaPrimitiva.Domain\bin\Debug\net10.0\LaPrimitiva.Domain.dll" en "bin\Debug\net10.0\LaPrimitiva.Domain.dll". Se superó el número de 10 reintentos. Error. El archivo se ha bloqueado por: "LaPrimitiva.App (42504)" [F:\Repositorios\LaPrimitiva\LaPrimitiva.App\LaPrimitiva.App.csproj]
C:\Program Files\dotnet\sdk\10.0.102\Microsoft.Common.CurrentVersion.targets(5080,5): error MSB3021: No se puede copiar "F:\Repositorios\LaPrimitiva\LaPrimitiva.Domain\bin\Debug\net10.0\LaPrimitiva.Domain.dll" en "bin\Debug\net10.0\LaPrimitiva.Domain.dll". The process cannot access the file 'F:\Repositorios\LaPrimitiva\LaPrimitiva.App\bin\Debug\net10.0\LaPrimitiva.Domain.dll' because it is being used by another process. [F:\Repositorios\LaPrimitiva\LaPrimitiva.App\LaPrimitiva.App.csproj]
C:\Program Files\dotnet\sdk\10.0.102\Microsoft.Common.CurrentVersion.targets(5080,5): error MSB3027: No se pudo copiar "F:\Repositorios\LaPrimitiva\LaPrimitiva.Domain\bin\Debug\net10.0\es\LaPrimitiva.Domain.resources.dll" en "bin\Debug\net10.0\es\LaPrimitiva.Domain.resources.dll". Se superó el número de 10 reintentos. Error. El archivo se ha bloqueado por: "LaPrimitiva.App (42504)" [F:\Repositorios\LaPrimitiva\LaPrimitiva.App\LaPrimitiva.App.csproj]
C:\Program Files\dotnet\sdk\10.0.102\Microsoft.Common.CurrentVersion.targets(5080,5): error MSB3021: No se puede copiar "F:\Repositorios\LaPrimitiva\LaPrimitiva.Domain\bin\Debug\net10.0\es\LaPrimitiva.Domain.resources.dll" en "bin\Debug\net10.0\es\LaPrimitiva.Domain.resources.dll". The process cannot access the file 'F:\Repositorios\LaPrimitiva\LaPrimitiva.App\bin\Debug\net10.0\es\LaPrimitiva.Domain.resources.dll' because it is being used by another process. [F:\Repositorios\LaPrimitiva\LaPrimitiva.App\LaPrimitiva.App.csproj]
    40 Advertencia(s)
    8 Errores

Tiempo transcurrido 00:00:15.32
